[00:00:36] [Server thread/INFO]: Lea lost connection: Disconnected
[00:00:36] [Server thread/INFO]: Lea left the game
[00:00:59] [Server thread/INFO]: [Not Secure] <thiagoo> wwwwwwwwwwwwwwwwwwwwwwwwwwwwwwwwwwwwwwwwwwwwwwwwwwwwwwwwwwwwwwwwwwwwwwwwwwwwwwwwwwwwwwwwwwwwwwwwwwwwwwwwwwwwwwwwwwwwwwwwwwwwwwwwwwwwwwwwwwwwwwwwwwwwwwwwwsawdddddddw
[00:01:05] [Server thread/INFO]: Lea[/127.200.218.237:54659] logged in with entity id 11118 at (-705.7833386546512, 64.0, 713.733111587287)
[00:01:05] [Server thread/INFO]: Lea joined the game
[00:11:53] [Server thread/INFO]: thiagoo burned to death
[00:13:29] [Server thread/WARN]: Mismatch in destroy block pos: gu{x=-107, y=85, z=0} gu{x=-106, y=84, z=0}
[00:13:30] [Server thread/WARN]: Mismatch in destroy block pos: gu{x=-107, y=85, z=0} gu{x=-106, y=84, z=0}
[00:13:30] [Server thread/WARN]: Mismatch in destroy block pos: gu{x=-107, y=85, z=0} gu{x=-106, y=84, z=0}
[00:15:35] [Server thread/INFO]: [Lea: Teleported Lea to thiagoo]
[00:17:20] [Server thread/WARN]: thiagoo moved too quickly! -0.3791509577504826,0.0,10.188878148311773
[00:20:04] [Server thread/WARN]: thiagoo moved too quickly! -0.032147094875966786,-5.5,8.45265486452081
[00:21:17] [Server thread/INFO]: [Lea: Teleported thiagoo to Lea]
[00:29:50] [Server thread/INFO]: [Not Secure] <thiagoo> wwwwwwwwwwwwwwwwwwwwwwwwwwwwwwwwwwwwwwwwwwwwwwwwwwwwwwwwwwwwwwwwwwwwwwwwwwwwwwwwwwwwwwwwww
[00:38:37] [Server thread/INFO]: [Lea: Teleported Lea to thiagoo]
[00:39:52] [Server thread/INFO]: GiovanyBy14[/127.153.127.216:38265] logged in with entity id 26514 at (-60.2894974129602, 78.0, 9.131721689336949)
[00:39:52] [Server thread/INFO]: GiovanyBy14 joined the game
[00:40:00] [Server thread/INFO]: [Not Secure] <Lea> what
[00:40:31] [Server thread/INFO]: [Not Secure] <GiovanyBy14> no me llamen pq no puedo hablar
[00:40:40] [Server thread/INFO]: [Not Secure] <GiovanyBy14> solo escuchare
[00:40:46] [Server thread/INFO]: [Not Secure] <Lea> dale
[00:40:49] [Server thread/INFO]: [Not Secure] <GiovanyBy14> klk
[00:41:01] [Server thread/INFO]: [Not Secure] <GiovanyBy14> novedades?
[00:41:29] [Server thread/WARN]: GiovanyBy14 moved too quickly! 10.071507422105299,-0.3693736602695026,1.1339024908633633
[00:41:51] [Server thread/INFO]: [Not Secure] <GiovanyBy14> terrible ping tengo lpm
[00:41:52] [Server thread/INFO]: [Lea: Teleported thiagoo to Lea]
[00:42:04] [Server thread/INFO]: [Not Secure] <thiagoo> wwwwwwwwwwwwwwwwwwwwwwwwwwwwwwwwwwwwwwwwwwwwwwwwwwwwwwwwwwwwwwwwwwwwwwwwwwwwwwww
[00:42:17] [Server thread/INFO]: [Not Secure] <GiovanyBy14> mira mi skin ta la propia
[00:43:09] [Server thread/INFO]: [Not Secure] <GiovanyBy14> voy al end
[00:43:20] [Server thread/INFO]: [Not Secure] <GiovanyBy14> kiero las elytras
[00:44:40] [Server thread/INFO]: [Not Secure] <GiovanyBy14> -1246 -31 1823
[00:44:42] [Server thread/INFO]: [Not Secure] <Lea> 1016 -920
[00:44:47] [Server thread/INFO]: [Not Secure] <GiovanyBy14> joya
[00:45:10] [Server thread/WARN]: GiovanyBy14 moved too quickly! -9.624733351824602,1.604424101326714,-2.372209867841974
[00:45:21] [Server thread/INFO]: [Not Secure] <GiovanyBy14> vpi
[00:47:40] [Server thread/INFO]: Lea lost connection: Disconnected
[00:47:40] [Server thread/INFO]: Lea left the game
[00:50:02] [Server thread/INFO]: Lea[/127.200.218.237:59867] logged in with entity id 35347 at (-490.14238444520566, 69.0, 144.26907268934733)
[00:50:02] [Server thread/INFO]: Lea joined the game
